


ARM Macro Assembler    Page 1 


    1 00000000         ;******************** (C) Yifeng ZHU *******************
                       *
    2 00000000         ; @file    main.s
    3 00000000         ; @author  Yifeng Zhu
    4 00000000         ; @version V1.0.0
    5 00000000         ; @date    May-5-2012
    6 00000000         ; @note    
    7 00000000         ; @brief   Assembly code for STM32L1xx Discovery Kit
    8 00000000         ; @note
    9 00000000         ;          This code is for the book "Embedded Systems w
                       ith ARM Cortex-M3 
   10 00000000         ;          Microcontrollers in Assembly Language and C, 
                       Yifeng Zhu, 
   11 00000000         ;          ISBN-10: 0982692625.
   12 00000000         ; @attension
   13 00000000         ;          This code is provided for education purpose. 
                       The author shall not be 
   14 00000000         ;          held liable for any direct, indirect or conse
                       quential damages, for any 
   15 00000000         ;          reason whatever. More information can be foun
                       d from book website: 
   16 00000000         ;          http://www.eece.maine.edu/~zhu/book
   17 00000000         ;*******************************************************
                       *
   18 00000000         
   19 00000000         
   20 00000000         ; STM32L1xx Discovery Kit:
   21 00000000         ;    - USER Pushbutton: connected to PA0 (GPIO Port A, P
                       IN 0), CLK RCC_AHBENR_GPIOAEN
   22 00000000         ;    - RESET Pushbutton: connected RESET
   23 00000000         ;    - GREEN LED: connected to PB7 (GPIO Port B, PIN 7),
                        CLK RCC_AHBENR_GPIOBEN 
   24 00000000         ;    - BLUE LED: connected to PB6 (GPIO Port B, PIN 6), 
                       CLK RCC_AHBENR_GPIOBEN
   25 00000000         ;    - Linear touch sensor/touchkeys: PA6, PA7 (group 2)
                       ,  PC4, PC5 (group 9),  PB0, PB1 (group 3)
   26 00000000         
   27 00000000                 INCLUDE          gg.s        ; Load Constant Def
                                                            initions
    1 00000000 40020000 
                       GPIOA   EQU              0x40020000  ; Dia chi co so cua
                                                             General-purpose in
                                                            put/output pin(GPIO
                                                            ) cua cong A
    2 00000000 40020400 
                       GPIOB   EQU              0x40020400  ; Dia chi co so cua
                                                             General-purpose in
                                                            put/output pin(GPIO
                                                            ) cua cong B
    3 00000000 40023800 
                       RCC     EQU              0x40023800  ; Dia chi co so cua
                                                             Reset and Clock Co
                                                            ntrol
    4 00000000 0000001C 
                       CAPXUNGNHIP
                               EQU              0x1C        ; Dia chi offset cu
                                                            a thanh ghi cap xun
                                                            g nhiet (AHB periph
                                                            eral clock enable r



ARM Macro Assembler    Page 2 


                                                            egister)
    5 00000000 00000000 
                       DC_CHEDO
                               EQU              0x00        ; Dia chi offset cu
                                                            a thanh ghi Mode (M
                                                            ode register) - dun
                                                            g de dieu chinh che
                                                             do
    6 00000000 00000004 
                       LOAI_OUTPUT
                               EQU              0x04        ; Dia chi offset cu
                                                            a thanh ghi Output 
                                                            type (Output type r
                                                            egister) - dung de 
                                                            dieu dinh kieu cua 
                                                            output(push-pull, o
                                                            pen-drain)
    7 00000000 00000008 
                       TOCDO_OUTPUT
                               EQU              0x08        ; Dia chi offset cu
                                                            a thanh ghi Output 
                                                            speed (Output speed
                                                             register) - dung d
                                                            e dieu chinh toc do
                                                             dien ap dau ra tre
                                                            n moi don vi thoi g
                                                            ian
    8 00000000 0000000C 
                       PULLUP_PULLDOWN
                               EQU              0x0C        ; Dia chi offset cu
                                                            a thanh ghi Pull-up
                                                            , pull-down (Pull-u
                                                            p, pull-down regist
                                                            er) - dung de dieu 
                                                            chinh push-pull hay
                                                             pull-down cua pin 
                                                            dau vao
    9 00000000 00000010 
                       DULIEUDAUVAO
                               EQU              0x10        ; Dia chi offset cu
                                                            a thanh ghi du lieu
                                                             dau vao (Input dat
                                                            a register) 
   10 00000000 00000014 
                       DULIEUDAURA
                               EQU              0x14        ; Dia chi offset cu
                                                            a thanh ghi du lieu
                                                             dau ra (Output dat
                                                            a register) 
   11 00000000         
   12 00000000         ;AREA    __DEFINES_LUONGLEDAT_DUMMY, CODE, READONLY
   13 00000000                 END
   28 00000000         
   29 00000000         
   30 00000000                 AREA             main, CODE, READONLY
   31 00000000                 EXPORT           __main      ; make __main visib
                                                            le to linker
   32 00000000                 ENTRY
   33 00000000         



ARM Macro Assembler    Page 3 


   34 00000000         __main  PROC
   35 00000000         
   36 00000000         ;Cap xung nhiet co pin GPIO cua cong A
   37 00000000 4F34            LDR              r7, =RCC    ; Nap vao thanh ghi
                                                             r7 dia chi co so c
                                                            ua Reset and Clock 
                                                            Control
   38 00000002 69F9            LDR              r1,[r7,#CAPXUNGNHIP] ; Nap 4 by
                                                            tes du lieu cua tha
                                                            nh ghi cap xung nhi
                                                            et chua trong thanh
                                                             ghi r7 vao thanh g
                                                            hi r1
   39 00000004 F041 0101       ORR              r1,r1,#0x00000001 ; Set bit thu
                                                             0 bang 1
   40 00000008 61F9            STR              r1,[r7,#CAPXUNGNHIP] ; Luu gia 
                                                            tri moi cua thanh g
                                                            hi cap xung nhiet v
                                                            ao bo nho tai dia c
                                                            hi chua trong thanh
                                                             ghi r7
   41 0000000A         
   42 0000000A         ;Cap xung nhiet co pin GPIO cua cong B
   43 0000000A 4F32            LDR              r7, =RCC    ; Nap vao thanh ghi
                                                             r7 dia chi co so c
                                                            ua Reset and Clock 
                                                            Control
   44 0000000C 69F9            LDR              r1,[r7,#CAPXUNGNHIP] ; Nap 4 by
                                                            tes du lieu cua tha
                                                            nh ghi cap xung nhi
                                                            p chua trong thanh 
                                                            ghi r7 vao thanh gh
                                                            i r1
   45 0000000E F041 0102       ORR              r1,r1,#0x00000002 ; Set bit thu
                                                             1 bang 1
   46 00000012 61F9            STR              r1,[r7,#CAPXUNGNHIP] ; Luu gia 
                                                            tri moi vao thanh g
                                                            hi cap xung nhip va
                                                            o bo nho tai dia ch
                                                            i chua trong thanh 
                                                            ghi r7
   47 00000014         
   48 00000014         ;-------------------------------------------------------
                       -----------------------
   49 00000014         
   50 00000014         ;Cau hinh chan 6 cua cong B hoat dong o che do digital o
                       utput
   51 00000014 4F30            LDR              r7,=GPIOB   ; Nap dia chi co so
                                                             cua cong B vao tha
                                                            nh ghi r7
   52 00000016 6839            LDR              r1,[r7,#DC_CHEDO] ; Nap 4 bytes
                                                             cua thanh ghi Mode
                                                             cua cong B vao r1
   53 00000018 F421 5140       BIC              r1,r1,#(0x03<<12) 
                                                            ; Xoa bit thu 12 13
                                                            
   54 0000001C F441 5180       ORR              r1,r1,#(0x1<<12) ; Set bit thu 
                                                            12 va 13 bang 0, 1
   55 00000020 6039            STR              r1,[r7,#DC_CHEDO] ; Luu gia tri



ARM Macro Assembler    Page 4 


                                                             moi vao thanh ghi 
                                                            Mode cua cong B
   56 00000022         
   57 00000022         ;Cau hinh chan 7 cua cong B hoat dong o che do digital o
                       utput
   58 00000022 6839            LDR              r1,[r7,#DC_CHEDO] ; Nap 4 bytes
                                                             cua thanh ghi Mode
                                                             cua cong B vao r1
   59 00000024 F421 4140       BIC              r1,r1,#(0x03<<14) 
                                                            ; Xoa bit thu 14 15
                                                            
   60 00000028 F441 4180       ORR              r1,r1,#(0x1<<14) ; Set bit thu 
                                                            14 va 15 bang 0, 1
   61 0000002C 6039            STR              r1,[r7,#DC_CHEDO] ; Luu gia tri
                                                             moi vao thanh ghi 
                                                            Mode cua cong B
   62 0000002E         
   63 0000002E         ;Thiet lap che do push-pull mode cho chan 6 cua cong B
   64 0000002E 6879            LDR              r1,[r7,#LOAI_OUTPUT] ; Nap 4 by
                                                            tes cua thanh ghi O
                                                            utput type cua cong
                                                             B vao r1
   65 00000030 F021 0140       BIC              r1,r1,#(1<<6) ; Xoa bit thu 6
   66 00000034 6079            STR              r1,[r7,#LOAI_OUTPUT] ; Luu gia 
                                                            tri moi vao thanh g
                                                            hi Output type cua 
                                                            cong B
   67 00000036         
   68 00000036         ;Thiet lap che do push-pull mode cho chan 7 cua cong B
   69 00000036 6879            LDR              r1,[r7,#LOAI_OUTPUT] ; Nap 4 by
                                                            tes cua thanh ghi O
                                                            utput type cua cong
                                                             B vao r1
   70 00000038 F021 0180       BIC              r1,r1,#(1<<7) ; Xoa bit thu 7
   71 0000003C 6079            STR              r1,[r7,#LOAI_OUTPUT] ; Luu gia 
                                                            tri moi vao thanh g
                                                            hi Output type cua 
                                                            cong B
   72 0000003E         
   73 0000003E         ;Thiet lap gia tri output speed cho chan 6 cua cong B la
                        2MHz
   74 0000003E         ;00 = 400KHZ, 01 = 2MHz, 10 = 10MHz, 11 = 40MHz
   75 0000003E 68B9            LDR              r1,[r7,#TOCDO_OUTPUT] ; Nap 4 b
                                                            ytes cua thanh ghi 
                                                            Ouput speed cua con
                                                            g B vao r1
   76 00000040 F421 5140       BIC              r1,r1,#(0x03<<12) 
                                                            ; Xoa bit thu 12 13
                                                            
   77 00000044 F441 5180       ORR              r1,r1,#(0x01<<12) ; Set bit thu
                                                             12 va 13 bang 0, 1
                                                             
   78 00000048 60B9            STR              r1,[r7,#TOCDO_OUTPUT] ; Luu gia
                                                             tri moi vao thanh 
                                                            ghi Output speed cu
                                                            a cong B
   79 0000004A         
   80 0000004A         ;Thiet lap gia tri output speed cho chan 7 cua cong B la
                        2MHz



ARM Macro Assembler    Page 5 


   81 0000004A         ;00 = 400KHZ, 01 = 2MHz, 10 = 10MHz, 11 = 40MHz
   82 0000004A 68B9            LDR              r1,[r7,#TOCDO_OUTPUT] ; Nap 4 b
                                                            ytes cua thanh ghi 
                                                            Ouput speed cua con
                                                            g B vao r1
   83 0000004C F421 4140       BIC              r1,r1,#(0x03<<14) 
                                                            ; Xoa bit thu 14 15
                                                            
   84 00000050 F441 4180       ORR              r1,r1,#(0x01<<14) ; Set bit thu
                                                             14 va 15 bang 0, 1
                                                             
   85 00000054 60B9            STR              r1,[r7,#TOCDO_OUTPUT] ; Luu gia
                                                             tri moi vao thanh 
                                                            ghi Output speed cu
                                                            a cong B
   86 00000056         
   87 00000056         ;Thiet lap che do no pull-up pull-down cho chan 6 cua co
                       ng B
   88 00000056         ;00 = no pull-up, no pull-down, 01 = pull-up, 10 = pull-
                       down, 11 = reserved
   89 00000056 68F9            LDR              r1,[r7,#PULLUP_PULLDOWN] ; Nap 
                                                            4 bytes cua thanh g
                                                            hi Pull-up/Pull-dow
                                                            n cua cong B vao r1
                                                            
   90 00000058 F421 5140       BIC              r1,r1,#(0x03<<12) 
                                                            ; Xoa bit thu 12 13
                                                            
   91 0000005C F041 0100       ORR              r1,r1,#(0x00<<12) ; Set bit thu
                                                             12 va 13 bang 0, 0
                                                            
   92 00000060 60F9            STR              r1,[r7,#PULLUP_PULLDOWN] ; Luu 
                                                            gia tri moi vao tha
                                                            nh ghi Pull-up/Pull
                                                            -down cua cong B
   93 00000062         
   94 00000062         ;Thiet lap che do no pull-up pull-down cho chan 7 cua co
                       ng B
   95 00000062         ;00 = no pull-up, no pull-down, 01 = pull-up, 10 = pull-
                       down, 11 = reserved
   96 00000062 68F9            LDR              r1,[r7,#PULLUP_PULLDOWN] ; Nap 
                                                            4 bytes cua thanh g
                                                            hi Pull-up/Pull-dow
                                                            n cua cong B vao r1
                                                            
   97 00000064 F421 4140       BIC              r1,r1,#(0x03<<14) 
                                                            ; Xoa bit thu 14 15
                                                            
   98 00000068 F041 0100       ORR              r1,r1,#(0x00<<14) ; Set bit thu
                                                             14 va 15 bang 0, 0
                                                            
   99 0000006C 60F9            STR              r1,[r7,#PULLUP_PULLDOWN] ; Luu 
                                                            gia tri moi vao tha
                                                            nh ghi Pull-up/Pull
                                                            -down cua cong B
  100 0000006E         
  101 0000006E         ;-------------------------------------------------------
                       -----------------------
  102 0000006E         



ARM Macro Assembler    Page 6 


  103 0000006E         ;Cau hinh chan 0 cua cong A hoat dong o che do digital i
                       nput
  104 0000006E 4F1B            LDR              r7,=GPIOA   ; Nap dia chi co so
                                                             cua cong A vao tha
                                                            nh ghi r7
  105 00000070 6839            LDR              r1,[r7,#DC_CHEDO] ; Nap 4 bytes
                                                             cua thanh ghi Mode
                                                             cua cong A vao r1
  106 00000072 F021 0103       BIC              r1,r1,#(0x03) ; Xoa 2 bit dau t
                                                            ien
  107 00000076 6039            STR              r1,[r7,#DC_CHEDO] ; Luu gia tri
                                                             moi vao thanh ghi 
                                                            Mode cua cong A
  108 00000078         
  109 00000078         ;Thiet lap che do push-pull mode cho chan 0 cua cong A
  110 00000078 6879            LDR              r1,[r7,#LOAI_OUTPUT] ; Nap 4 by
                                                            tes cua thanh ghi O
                                                            utput type cua cong
                                                             A vao r1
  111 0000007A F021 0101       BIC              r1,r1,#(0x1) ; Xoa bit dau tien
                                                            
  112 0000007E 6079            STR              r1,[r7,#LOAI_OUTPUT] ; Luu gia 
                                                            tri moi vao thanh g
                                                            hi Output type cua 
                                                            cong A
  113 00000080         
  114 00000080         ;Thiet lap gia tri output speed cho chan 0 cua cong A la
                        2MHz
  115 00000080         ;00 = 400KHZ, 01 = 2MHz, 10 = 10MHz, 11 = 40MHz
  116 00000080 68B9            LDR              r1,[r7,#TOCDO_OUTPUT] ; Nap 4 b
                                                            ytes cua thanh ghi 
                                                            Ouput speed cua con
                                                            g A vao r1
  117 00000082 F021 0103       BIC              r1,r1,#(0x03) ; Xoa 2 bit dau t
                                                            ien
  118 00000086 F041 0101       ORR              r1,r1,#(0x01) ; Xet 2 bit dau t
                                                            ien bang 0, 1
  119 0000008A 60B9            STR              r1,[r7,#TOCDO_OUTPUT] ; Luu gia
                                                             tri moi vao thanh 
                                                            ghi Output speed cu
                                                            a cong A
  120 0000008C         
  121 0000008C         ;Thiet lap che do no pull-up pull-down cho chan 0 cua co
                       ng A
  122 0000008C         ;00 = no pull-up, no pull-down, 01 = pull-up, 10 = pull-
                       down, 11 = reserved
  123 0000008C 68F9            LDR              r1,[r7,#PULLUP_PULLDOWN] ; Nap 
                                                            4 bytes cua thanh g
                                                            hi Pull-up/Pull-dow
                                                            n cua cong A vao r1
                                                            
  124 0000008E F021 0103       BIC              r1,r1,#(0x03) ; Xoa 2 bit dau t
                                                            ien
  125 00000092 60F9            STR              r1,[r7,#PULLUP_PULLDOWN] ; Luu 
                                                            gia tri moi vao tha
                                                            nh ghi Pull-up/Pull
                                                            -down cua cong A
  126 00000094         
  127 00000094         ;-------------------------------------------------------



ARM Macro Assembler    Page 7 


                       -----------------------
  128 00000094         
  129 00000094         ;Tat den blue
  130 00000094 4F10            LDR              r7,=GPIOB   ; Nap dia chi co so
                                                             cua cong B vao tha
                                                            nh ghi r7
  131 00000096 6979            LDR              r1,[r7,#DULIEUDAURA] ; Nap 4 by
                                                            tes cua thanh ghi O
                                                            utput data cua cong
                                                             B
  132 00000098 F021 0140       BIC              r1,r1,#(1<<6) ;Xoa bit thu 6
  133 0000009C 6179            STR              r1,[r7,#DULIEUDAURA] ; Luu gia 
                                                            tri moi vao thanh g
                                                            hi Output data cua 
                                                            cong B
  134 0000009E         ;Bat den green
  135 0000009E 6979            LDR              r1,[r7,#DULIEUDAURA] ; Nap 4 by
                                                            tes cua thanh ghi O
                                                            utput data cua cong
                                                             B
  136 000000A0 F041 0180       ORR              r1,r1,#(1<<7) ;Set bit thu 7 ba
                                                            ng 1
  137 000000A4 6179            STR              r1,[r7,#DULIEUDAURA] ; Luu gia 
                                                            tri moi vao thanh g
                                                            hi Output data cua 
                                                            cong B
  138 000000A6         
  139 000000A6         ;-------------------------------------------------------
                       -----------------------  
  140 000000A6         ;Vong lap xac dinh bam nut hay chua
  141 000000A6 4F0D    bamgiu  LDR              r7,=GPIOA   ; Nap dia chi co so
                                                             cua cong A vao tha
                                                            nh ghi r7
  142 000000A8 6939            LDR              r1,[r7,#DULIEUDAUVAO] ; Nap 4 b
                                                            ytes cua thanh ghi 
                                                            Input data cua cong
                                                             B
  143 000000AA F011 0201       ANDS             r2,r1,#1    ; Kiem tra bit dau 
                                                            tien cua IDR vao lu
                                                            u gia tri vao thanh
                                                             ghi r2
  144 000000AE 2A00            CMP              r2,0        ; So sanh r2 voi 0
  145 000000B0 D0F9            BEQ              bamgiu      ; Neu r2 = 0 thi th
                                                            uc hien lai vong la
                                                            p (bamgiu)
  146 000000B2         
  147 000000B2         ;Vong lap xac dinh da tha tay ra hay chua
  148 000000B2 6939    thatay  LDR              r1,[r7,#DULIEUDAUVAO] ; Nap 4 b
                                                            ytes cua thanh ghi 
                                                            Input data cua cong
                                                             B
  149 000000B4 F011 0201       ANDS             r2,r1,#1    ; Kiem tra bit dau 
                                                            tien cua IDR vao lu
                                                            u gia tri vao thanh
                                                             ghi r2
  150 000000B8 2A01            CMP              r2,1        ; So sanh r2 voi 1
  151 000000BA D0FA            BEQ              thatay      ; Neu r2 = 1 co ngh
                                                            ia la van chua tha 
                                                            tay ra thi luc nay 



ARM Macro Assembler    Page 8 


                                                            cho thuc hien lai v
                                                            ong lap (thatay)
  152 000000BC         ;Neu da tha tay ra roi thi thuc hien dao den
  153 000000BC         ;Dao den blue
  154 000000BC 4F06            LDR              r7,=GPIOB   ; Nap dia chi co so
                                                             cua cong B vao tha
                                                            nh ghi r7
  155 000000BE 697A            LDR              r2,[r7,#DULIEUDAURA] ; Nap 4 by
                                                            tes cua thanh ghi O
                                                            utput data cua cong
                                                             B
  156 000000C0 F082 0240       EOR              r2,r2,#(1<<6) ; Dao bit thu 6
  157 000000C4 617A            STR              r2,[r7,#DULIEUDAURA] ; Luu gia 
                                                            tri moi vao thanh g
                                                            hi Output data cua 
                                                            cong B
  158 000000C6         ;Dao den green
  159 000000C6 4F04            LDR              r7,=GPIOB   ; Nap dia chi co so
                                                             cua cong B vao tha
                                                            nh ghi r7
  160 000000C8 697A            LDR              r2,[r7,#DULIEUDAURA] ; Nap 4 by
                                                            tes cua thanh ghi O
                                                            utput data cua cong
                                                             B
  161 000000CA F082 0280       EOR              r2,r2,#(1<<7) ; Dao bit thu 7
  162 000000CE 617A            STR              r2,[r7,#DULIEUDAURA] ; Luu gia 
                                                            tri moi vao thanh g
                                                            hi Output data cua 
                                                            cong B
  163 000000D0 E7E9            B                bamgiu      ; thuc hien lai von
                                                            g lap (bamgiu)
  164 000000D2         
  165 000000D2         
  166 000000D2         
  167 000000D2         
  168 000000D2         
  169 000000D2 E7FE    stop    B                stop        ; dead loop & progr
                                                            am hangs here
  170 000000D4         
  171 000000D4                 ENDP
  172 000000D4                 ALIGN
  173 000000D4         
  174 000000D4 40023800 
              40020400 
              40020000         AREA             myData, DATA, READWRITE
  175 00000000                 ALIGN
  176 00000000 000003E8 
                       gg      DCD              1000
  177 00000004 00000001 
              00000002 
              00000003 
              00000004 array   DCD              1, 2, 3, 4
  178 00000014                 END
Command Line: --debug --xref --diag_suppress=9931 --cpu=Cortex-M3 --apcs=interw
ork --depend=.\objects\main.d -o.\objects\main.o -I.\RTE\_Target_1 -IE:\Keil_AR
M\Pack\ARM\CMSIS\5.2.0\CMSIS\Include -IE:\Keil_ARM\Pack\Keil\STM32L1xx_DFP\1.2.
0\Device\Include --predefine="__EVAL SETA 1" --predefine="__UVISION_VERSION SET
A 524" --predefine="_RTE_ SETA 1" --predefine="STM32L152xC SETA 1" --list=.\lis
tings\main.lst main.s



ARM Macro Assembler    Page 1 Alphabetic symbol ordering
Relocatable symbols

__main 00000000

Symbol: __main
   Definitions
      At line 34 in file main.s
   Uses
      At line 31 in file main.s
Comment: __main used once
bamgiu 000000A6

Symbol: bamgiu
   Definitions
      At line 141 in file main.s
   Uses
      At line 145 in file main.s
      At line 163 in file main.s

main 00000000

Symbol: main
   Definitions
      At line 30 in file main.s
   Uses
      None
Comment: main unused
stop 000000D2

Symbol: stop
   Definitions
      At line 169 in file main.s
   Uses
      At line 169 in file main.s
Comment: stop used once
thatay 000000B2

Symbol: thatay
   Definitions
      At line 148 in file main.s
   Uses
      At line 151 in file main.s
Comment: thatay used once
5 symbols



ARM Macro Assembler    Page 1 Alphabetic symbol ordering
Relocatable symbols

array 00000004

Symbol: array
   Definitions
      At line 177 in file main.s
   Uses
      None
Comment: array unused
gg 00000000

Symbol: gg
   Definitions
      At line 176 in file main.s
   Uses
      None
Comment: gg unused
myData 00000000

Symbol: myData
   Definitions
      At line 174 in file main.s
   Uses
      None
Comment: myData unused
3 symbols



ARM Macro Assembler    Page 1 Alphabetic symbol ordering
Absolute symbols

CAPXUNGNHIP 0000001C

Symbol: CAPXUNGNHIP
   Definitions
      At line 4 in file gg.s
   Uses
      At line 38 in file main.s
      At line 40 in file main.s
      At line 44 in file main.s
      At line 46 in file main.s

DC_CHEDO 00000000

Symbol: DC_CHEDO
   Definitions
      At line 5 in file gg.s
   Uses
      At line 52 in file main.s
      At line 55 in file main.s
      At line 58 in file main.s
      At line 61 in file main.s
      At line 105 in file main.s
      At line 107 in file main.s

DULIEUDAURA 00000014

Symbol: DULIEUDAURA
   Definitions
      At line 10 in file gg.s
   Uses
      At line 131 in file main.s
      At line 133 in file main.s
      At line 135 in file main.s
      At line 137 in file main.s
      At line 155 in file main.s
      At line 157 in file main.s
      At line 160 in file main.s
      At line 162 in file main.s

DULIEUDAUVAO 00000010

Symbol: DULIEUDAUVAO
   Definitions
      At line 9 in file gg.s
   Uses
      At line 142 in file main.s
      At line 148 in file main.s

GPIOA 40020000

Symbol: GPIOA
   Definitions
      At line 1 in file gg.s
   Uses
      At line 104 in file main.s
      At line 141 in file main.s

GPIOB 40020400




ARM Macro Assembler    Page 2 Alphabetic symbol ordering
Absolute symbols

Symbol: GPIOB
   Definitions
      At line 2 in file gg.s
   Uses
      At line 51 in file main.s
      At line 130 in file main.s
      At line 154 in file main.s
      At line 159 in file main.s

LOAI_OUTPUT 00000004

Symbol: LOAI_OUTPUT
   Definitions
      At line 6 in file gg.s
   Uses
      At line 64 in file main.s
      At line 66 in file main.s
      At line 69 in file main.s
      At line 71 in file main.s
      At line 110 in file main.s
      At line 112 in file main.s

PULLUP_PULLDOWN 0000000C

Symbol: PULLUP_PULLDOWN
   Definitions
      At line 8 in file gg.s
   Uses
      At line 89 in file main.s
      At line 92 in file main.s
      At line 96 in file main.s
      At line 99 in file main.s
      At line 123 in file main.s
      At line 125 in file main.s

RCC 40023800

Symbol: RCC
   Definitions
      At line 3 in file gg.s
   Uses
      At line 37 in file main.s
      At line 43 in file main.s

TOCDO_OUTPUT 00000008

Symbol: TOCDO_OUTPUT
   Definitions
      At line 7 in file gg.s
   Uses
      At line 75 in file main.s
      At line 78 in file main.s
      At line 82 in file main.s
      At line 85 in file main.s
      At line 116 in file main.s
      At line 119 in file main.s

10 symbols
354 symbols in table
